[2025-03-26T09:32:54.616+0000] {manager.py:483} INFO - Processing files using up to 2 processes at a time 
[2025-03-26T09:32:54.617+0000] {manager.py:484} INFO - Process each file at most once every 30 seconds
[2025-03-26T09:32:54.618+0000] {manager.py:485} INFO - Checking for new files in /opt/airflow/dags every 300 seconds
[2025-03-26T09:32:54.618+0000] {manager.py:821} INFO - Searching for files in /opt/airflow/dags
[2025-03-26T09:32:54.621+0000] {manager.py:824} INFO - There are 0 files in /opt/airflow/dags
[2025-03-26T09:37:55.288+0000] {manager.py:821} INFO - Searching for files in /opt/airflow/dags
[2025-03-26T09:37:55.327+0000] {manager.py:824} INFO - There are 0 files in /opt/airflow/dags
[2025-03-26T09:42:55.961+0000] {manager.py:821} INFO - Searching for files in /opt/airflow/dags
[2025-03-26T09:42:55.965+0000] {manager.py:824} INFO - There are 0 files in /opt/airflow/dags
[2025-03-26T09:47:56.603+0000] {manager.py:821} INFO - Searching for files in /opt/airflow/dags
[2025-03-26T09:47:56.606+0000] {manager.py:824} INFO - There are 0 files in /opt/airflow/dags
[2025-03-26T09:52:57.235+0000] {manager.py:821} INFO - Searching for files in /opt/airflow/dags
[2025-03-26T09:52:57.238+0000] {manager.py:824} INFO - There are 0 files in /opt/airflow/dags
[2025-03-26T09:57:57.949+0000] {manager.py:821} INFO - Searching for files in /opt/airflow/dags
[2025-03-26T09:57:57.952+0000] {manager.py:824} INFO - There are 0 files in /opt/airflow/dags
[2025-03-26T10:02:58.950+0000] {manager.py:821} INFO - Searching for files in /opt/airflow/dags
[2025-03-26T10:02:58.952+0000] {manager.py:824} INFO - There are 0 files in /opt/airflow/dags
[2025-03-26T10:07:59.141+0000] {manager.py:821} INFO - Searching for files in /opt/airflow/dags
[2025-03-26T10:07:59.144+0000] {manager.py:824} INFO - There are 0 files in /opt/airflow/dags
[2025-03-26T10:11:56.100+0000] {manager.py:465} INFO - Exiting gracefully upon receiving signal 15
[2025-03-26T10:12:24.552+0000] {manager.py:483} INFO - Processing files using up to 2 processes at a time 
[2025-03-26T10:12:24.553+0000] {manager.py:484} INFO - Process each file at most once every 30 seconds
[2025-03-26T10:12:24.554+0000] {manager.py:485} INFO - Checking for new files in /opt/airflow/dags every 300 seconds
[2025-03-26T10:12:24.554+0000] {manager.py:821} INFO - Searching for files in /opt/airflow/dags
[2025-03-26T10:12:24.557+0000] {manager.py:824} INFO - There are 0 files in /opt/airflow/dags
[2025-03-26T10:17:25.254+0000] {manager.py:821} INFO - Searching for files in /opt/airflow/dags
[2025-03-26T10:17:25.257+0000] {manager.py:824} INFO - There are 0 files in /opt/airflow/dags
[2025-03-26T10:22:25.903+0000] {manager.py:821} INFO - Searching for files in /opt/airflow/dags
[2025-03-26T10:22:25.906+0000] {manager.py:824} INFO - There are 0 files in /opt/airflow/dags
[2025-03-26T10:27:26.555+0000] {manager.py:821} INFO - Searching for files in /opt/airflow/dags
[2025-03-26T10:27:26.558+0000] {manager.py:824} INFO - There are 0 files in /opt/airflow/dags
[2025-03-26T10:32:27.242+0000] {manager.py:821} INFO - Searching for files in /opt/airflow/dags
[2025-03-26T10:32:27.245+0000] {manager.py:824} INFO - There are 0 files in /opt/airflow/dags
[2025-03-26T10:37:27.888+0000] {manager.py:821} INFO - Searching for files in /opt/airflow/dags
[2025-03-26T10:37:27.892+0000] {manager.py:824} INFO - There are 0 files in /opt/airflow/dags
[2025-03-26T10:42:28.555+0000] {manager.py:821} INFO - Searching for files in /opt/airflow/dags
[2025-03-26T10:42:28.558+0000] {manager.py:824} INFO - There are 0 files in /opt/airflow/dags
[2025-03-26T10:47:29.209+0000] {manager.py:821} INFO - Searching for files in /opt/airflow/dags
[2025-03-26T10:47:29.213+0000] {manager.py:824} INFO - There are 0 files in /opt/airflow/dags
[2025-03-26T10:52:29.872+0000] {manager.py:821} INFO - Searching for files in /opt/airflow/dags
[2025-03-26T10:52:29.875+0000] {manager.py:824} INFO - There are 0 files in /opt/airflow/dags
