[2025-04-15T14:16:56.605+0000] {processor.py:186} INFO - Started process (PID=173) to work on /opt/airflow/dags/crawl_f1_data.py
[2025-04-15T14:16:56.607+0000] {processor.py:914} INFO - Processing file /opt/airflow/dags/crawl_f1_data.py for tasks to queue
[2025-04-15T14:16:56.609+0000] {logging_mixin.py:190} INFO - [2025-04-15T14:16:56.609+0000] {dagbag.py:588} INFO - Filling up the DagBag from /opt/airflow/dags/crawl_f1_data.py
[2025-04-15T14:16:56.649+0000] {processor.py:925} INFO - DAG(s) 'crawl_f1_data' retrieved from /opt/airflow/dags/crawl_f1_data.py
[2025-04-15T14:16:56.698+0000] {logging_mixin.py:190} INFO - [2025-04-15T14:16:56.697+0000] {dag.py:3239} INFO - Sync 1 DAGs
[2025-04-15T14:16:56.770+0000] {logging_mixin.py:190} INFO - [2025-04-15T14:16:56.770+0000] {dag.py:4180} INFO - Setting next_dagrun for crawl_f1_data to 2025-04-01 00:00:00+00:00, run_after=2025-05-01 00:00:00+00:00
[2025-04-15T14:16:56.822+0000] {processor.py:208} INFO - Processing /opt/airflow/dags/crawl_f1_data.py took 0.238 seconds
[2025-04-15T14:17:26.919+0000] {processor.py:186} INFO - Started process (PID=183) to work on /opt/airflow/dags/crawl_f1_data.py
[2025-04-15T14:17:26.920+0000] {processor.py:914} INFO - Processing file /opt/airflow/dags/crawl_f1_data.py for tasks to queue
[2025-04-15T14:17:26.921+0000] {logging_mixin.py:190} INFO - [2025-04-15T14:17:26.921+0000] {dagbag.py:588} INFO - Filling up the DagBag from /opt/airflow/dags/crawl_f1_data.py
[2025-04-15T14:17:26.939+0000] {processor.py:925} INFO - DAG(s) 'crawl_f1_data' retrieved from /opt/airflow/dags/crawl_f1_data.py
[2025-04-15T14:17:26.965+0000] {logging_mixin.py:190} INFO - [2025-04-15T14:17:26.964+0000] {dag.py:3239} INFO - Sync 1 DAGs
[2025-04-15T14:17:26.985+0000] {logging_mixin.py:190} INFO - [2025-04-15T14:17:26.985+0000] {dag.py:4180} INFO - Setting next_dagrun for crawl_f1_data to 2025-04-01 00:00:00+00:00, run_after=2025-05-01 00:00:00+00:00
[2025-04-15T14:17:27.002+0000] {processor.py:208} INFO - Processing /opt/airflow/dags/crawl_f1_data.py took 0.087 seconds
[2025-04-15T14:17:57.115+0000] {processor.py:186} INFO - Started process (PID=188) to work on /opt/airflow/dags/crawl_f1_data.py
[2025-04-15T14:17:57.115+0000] {processor.py:914} INFO - Processing file /opt/airflow/dags/crawl_f1_data.py for tasks to queue
[2025-04-15T14:17:57.117+0000] {logging_mixin.py:190} INFO - [2025-04-15T14:17:57.117+0000] {dagbag.py:588} INFO - Filling up the DagBag from /opt/airflow/dags/crawl_f1_data.py
[2025-04-15T14:17:57.135+0000] {processor.py:925} INFO - DAG(s) 'crawl_f1_data' retrieved from /opt/airflow/dags/crawl_f1_data.py
[2025-04-15T14:17:57.158+0000] {logging_mixin.py:190} INFO - [2025-04-15T14:17:57.158+0000] {dag.py:3239} INFO - Sync 1 DAGs
[2025-04-15T14:17:57.179+0000] {logging_mixin.py:190} INFO - [2025-04-15T14:17:57.179+0000] {dag.py:4180} INFO - Setting next_dagrun for crawl_f1_data to 2025-04-01 00:00:00+00:00, run_after=2025-05-01 00:00:00+00:00
[2025-04-15T14:17:57.195+0000] {processor.py:208} INFO - Processing /opt/airflow/dags/crawl_f1_data.py took 0.084 seconds
[2025-04-15T14:18:27.386+0000] {processor.py:186} INFO - Started process (PID=193) to work on /opt/airflow/dags/crawl_f1_data.py
[2025-04-15T14:18:27.387+0000] {processor.py:914} INFO - Processing file /opt/airflow/dags/crawl_f1_data.py for tasks to queue
[2025-04-15T14:18:27.388+0000] {logging_mixin.py:190} INFO - [2025-04-15T14:18:27.388+0000] {dagbag.py:588} INFO - Filling up the DagBag from /opt/airflow/dags/crawl_f1_data.py
[2025-04-15T14:18:27.406+0000] {processor.py:925} INFO - DAG(s) 'crawl_f1_data' retrieved from /opt/airflow/dags/crawl_f1_data.py
[2025-04-15T14:18:27.428+0000] {logging_mixin.py:190} INFO - [2025-04-15T14:18:27.428+0000] {dag.py:3239} INFO - Sync 1 DAGs
[2025-04-15T14:18:27.449+0000] {logging_mixin.py:190} INFO - [2025-04-15T14:18:27.449+0000] {dag.py:4180} INFO - Setting next_dagrun for crawl_f1_data to 2025-04-01 00:00:00+00:00, run_after=2025-05-01 00:00:00+00:00
[2025-04-15T14:18:27.466+0000] {processor.py:208} INFO - Processing /opt/airflow/dags/crawl_f1_data.py took 0.084 seconds
[2025-04-15T14:18:57.614+0000] {processor.py:186} INFO - Started process (PID=198) to work on /opt/airflow/dags/crawl_f1_data.py
[2025-04-15T14:18:57.615+0000] {processor.py:914} INFO - Processing file /opt/airflow/dags/crawl_f1_data.py for tasks to queue
[2025-04-15T14:18:57.617+0000] {logging_mixin.py:190} INFO - [2025-04-15T14:18:57.616+0000] {dagbag.py:588} INFO - Filling up the DagBag from /opt/airflow/dags/crawl_f1_data.py
[2025-04-15T14:18:57.639+0000] {processor.py:925} INFO - DAG(s) 'crawl_f1_data' retrieved from /opt/airflow/dags/crawl_f1_data.py
[2025-04-15T14:18:57.665+0000] {logging_mixin.py:190} INFO - [2025-04-15T14:18:57.665+0000] {dag.py:3239} INFO - Sync 1 DAGs
[2025-04-15T14:18:57.701+0000] {logging_mixin.py:190} INFO - [2025-04-15T14:18:57.700+0000] {dag.py:4180} INFO - Setting next_dagrun for crawl_f1_data to 2025-04-01 00:00:00+00:00, run_after=2025-05-01 00:00:00+00:00
[2025-04-15T14:18:57.724+0000] {processor.py:208} INFO - Processing /opt/airflow/dags/crawl_f1_data.py took 0.121 seconds
[2025-04-15T14:19:27.884+0000] {processor.py:186} INFO - Started process (PID=203) to work on /opt/airflow/dags/crawl_f1_data.py
[2025-04-15T14:19:27.884+0000] {processor.py:914} INFO - Processing file /opt/airflow/dags/crawl_f1_data.py for tasks to queue
[2025-04-15T14:19:27.886+0000] {logging_mixin.py:190} INFO - [2025-04-15T14:19:27.886+0000] {dagbag.py:588} INFO - Filling up the DagBag from /opt/airflow/dags/crawl_f1_data.py
[2025-04-15T14:19:27.907+0000] {processor.py:925} INFO - DAG(s) 'crawl_f1_data' retrieved from /opt/airflow/dags/crawl_f1_data.py
[2025-04-15T14:19:27.929+0000] {logging_mixin.py:190} INFO - [2025-04-15T14:19:27.928+0000] {dag.py:3239} INFO - Sync 1 DAGs
[2025-04-15T14:19:27.951+0000] {logging_mixin.py:190} INFO - [2025-04-15T14:19:27.951+0000] {dag.py:4180} INFO - Setting next_dagrun for crawl_f1_data to 2025-04-01 00:00:00+00:00, run_after=2025-05-01 00:00:00+00:00
[2025-04-15T14:19:27.968+0000] {processor.py:208} INFO - Processing /opt/airflow/dags/crawl_f1_data.py took 0.088 seconds
[2025-04-15T14:19:58.085+0000] {processor.py:186} INFO - Started process (PID=208) to work on /opt/airflow/dags/crawl_f1_data.py
[2025-04-15T14:19:58.085+0000] {processor.py:914} INFO - Processing file /opt/airflow/dags/crawl_f1_data.py for tasks to queue
[2025-04-15T14:19:58.087+0000] {logging_mixin.py:190} INFO - [2025-04-15T14:19:58.087+0000] {dagbag.py:588} INFO - Filling up the DagBag from /opt/airflow/dags/crawl_f1_data.py
[2025-04-15T14:19:58.104+0000] {processor.py:925} INFO - DAG(s) 'crawl_f1_data' retrieved from /opt/airflow/dags/crawl_f1_data.py
[2025-04-15T14:19:58.126+0000] {logging_mixin.py:190} INFO - [2025-04-15T14:19:58.126+0000] {dag.py:3239} INFO - Sync 1 DAGs
[2025-04-15T14:19:58.146+0000] {logging_mixin.py:190} INFO - [2025-04-15T14:19:58.146+0000] {dag.py:4180} INFO - Setting next_dagrun for crawl_f1_data to 2025-04-01 00:00:00+00:00, run_after=2025-05-01 00:00:00+00:00
[2025-04-15T14:19:58.171+0000] {processor.py:208} INFO - Processing /opt/airflow/dags/crawl_f1_data.py took 0.091 seconds
[2025-04-15T14:20:28.341+0000] {processor.py:186} INFO - Started process (PID=213) to work on /opt/airflow/dags/crawl_f1_data.py
[2025-04-15T14:20:28.342+0000] {processor.py:914} INFO - Processing file /opt/airflow/dags/crawl_f1_data.py for tasks to queue
[2025-04-15T14:20:28.344+0000] {logging_mixin.py:190} INFO - [2025-04-15T14:20:28.344+0000] {dagbag.py:588} INFO - Filling up the DagBag from /opt/airflow/dags/crawl_f1_data.py
[2025-04-15T14:20:28.364+0000] {processor.py:925} INFO - DAG(s) 'crawl_f1_data' retrieved from /opt/airflow/dags/crawl_f1_data.py
[2025-04-15T14:20:28.388+0000] {logging_mixin.py:190} INFO - [2025-04-15T14:20:28.388+0000] {dag.py:3239} INFO - Sync 1 DAGs
[2025-04-15T14:20:28.410+0000] {logging_mixin.py:190} INFO - [2025-04-15T14:20:28.410+0000] {dag.py:4180} INFO - Setting next_dagrun for crawl_f1_data to 2025-04-01 00:00:00+00:00, run_after=2025-05-01 00:00:00+00:00
[2025-04-15T14:20:28.427+0000] {processor.py:208} INFO - Processing /opt/airflow/dags/crawl_f1_data.py took 0.091 seconds
[2025-04-15T14:20:58.550+0000] {processor.py:186} INFO - Started process (PID=218) to work on /opt/airflow/dags/crawl_f1_data.py
[2025-04-15T14:20:58.550+0000] {processor.py:914} INFO - Processing file /opt/airflow/dags/crawl_f1_data.py for tasks to queue
[2025-04-15T14:20:58.553+0000] {logging_mixin.py:190} INFO - [2025-04-15T14:20:58.553+0000] {dagbag.py:588} INFO - Filling up the DagBag from /opt/airflow/dags/crawl_f1_data.py
[2025-04-15T14:20:58.572+0000] {processor.py:925} INFO - DAG(s) 'crawl_f1_data' retrieved from /opt/airflow/dags/crawl_f1_data.py
[2025-04-15T14:20:58.596+0000] {logging_mixin.py:190} INFO - [2025-04-15T14:20:58.596+0000] {dag.py:3239} INFO - Sync 1 DAGs
[2025-04-15T14:20:58.619+0000] {logging_mixin.py:190} INFO - [2025-04-15T14:20:58.618+0000] {dag.py:4180} INFO - Setting next_dagrun for crawl_f1_data to 2025-04-01 00:00:00+00:00, run_after=2025-05-01 00:00:00+00:00
[2025-04-15T14:20:58.636+0000] {processor.py:208} INFO - Processing /opt/airflow/dags/crawl_f1_data.py took 0.091 seconds
[2025-04-15T14:21:28.812+0000] {processor.py:186} INFO - Started process (PID=223) to work on /opt/airflow/dags/crawl_f1_data.py
[2025-04-15T14:21:28.813+0000] {processor.py:914} INFO - Processing file /opt/airflow/dags/crawl_f1_data.py for tasks to queue
[2025-04-15T14:21:28.815+0000] {logging_mixin.py:190} INFO - [2025-04-15T14:21:28.814+0000] {dagbag.py:588} INFO - Filling up the DagBag from /opt/airflow/dags/crawl_f1_data.py
[2025-04-15T14:21:28.833+0000] {processor.py:925} INFO - DAG(s) 'crawl_f1_data' retrieved from /opt/airflow/dags/crawl_f1_data.py
[2025-04-15T14:21:28.855+0000] {logging_mixin.py:190} INFO - [2025-04-15T14:21:28.855+0000] {dag.py:3239} INFO - Sync 1 DAGs
[2025-04-15T14:21:28.875+0000] {logging_mixin.py:190} INFO - [2025-04-15T14:21:28.875+0000] {dag.py:4180} INFO - Setting next_dagrun for crawl_f1_data to 2025-04-01 00:00:00+00:00, run_after=2025-05-01 00:00:00+00:00
[2025-04-15T14:21:28.892+0000] {processor.py:208} INFO - Processing /opt/airflow/dags/crawl_f1_data.py took 0.084 seconds
[2025-04-15T14:21:59.044+0000] {processor.py:186} INFO - Started process (PID=232) to work on /opt/airflow/dags/crawl_f1_data.py
[2025-04-15T14:21:59.045+0000] {processor.py:914} INFO - Processing file /opt/airflow/dags/crawl_f1_data.py for tasks to queue
[2025-04-15T14:21:59.046+0000] {logging_mixin.py:190} INFO - [2025-04-15T14:21:59.046+0000] {dagbag.py:588} INFO - Filling up the DagBag from /opt/airflow/dags/crawl_f1_data.py
[2025-04-15T14:21:59.064+0000] {processor.py:925} INFO - DAG(s) 'crawl_f1_data' retrieved from /opt/airflow/dags/crawl_f1_data.py
[2025-04-15T14:21:59.086+0000] {logging_mixin.py:190} INFO - [2025-04-15T14:21:59.086+0000] {dag.py:3239} INFO - Sync 1 DAGs
[2025-04-15T14:21:59.107+0000] {logging_mixin.py:190} INFO - [2025-04-15T14:21:59.107+0000] {dag.py:4180} INFO - Setting next_dagrun for crawl_f1_data to 2025-04-01 00:00:00+00:00, run_after=2025-05-01 00:00:00+00:00
[2025-04-15T14:21:59.123+0000] {processor.py:208} INFO - Processing /opt/airflow/dags/crawl_f1_data.py took 0.083 seconds
[2025-04-15T14:22:29.288+0000] {processor.py:186} INFO - Started process (PID=237) to work on /opt/airflow/dags/crawl_f1_data.py
[2025-04-15T14:22:29.289+0000] {processor.py:914} INFO - Processing file /opt/airflow/dags/crawl_f1_data.py for tasks to queue
[2025-04-15T14:22:29.291+0000] {logging_mixin.py:190} INFO - [2025-04-15T14:22:29.290+0000] {dagbag.py:588} INFO - Filling up the DagBag from /opt/airflow/dags/crawl_f1_data.py
[2025-04-15T14:22:29.317+0000] {processor.py:925} INFO - DAG(s) 'crawl_f1_data' retrieved from /opt/airflow/dags/crawl_f1_data.py
[2025-04-15T14:22:29.341+0000] {logging_mixin.py:190} INFO - [2025-04-15T14:22:29.341+0000] {dag.py:3239} INFO - Sync 1 DAGs
[2025-04-15T14:22:29.364+0000] {logging_mixin.py:190} INFO - [2025-04-15T14:22:29.364+0000] {dag.py:4180} INFO - Setting next_dagrun for crawl_f1_data to 2025-04-01 00:00:00+00:00, run_after=2025-05-01 00:00:00+00:00
[2025-04-15T14:22:29.384+0000] {processor.py:208} INFO - Processing /opt/airflow/dags/crawl_f1_data.py took 0.100 seconds
[2025-04-15T14:22:59.519+0000] {processor.py:186} INFO - Started process (PID=242) to work on /opt/airflow/dags/crawl_f1_data.py
[2025-04-15T14:22:59.519+0000] {processor.py:914} INFO - Processing file /opt/airflow/dags/crawl_f1_data.py for tasks to queue
[2025-04-15T14:22:59.521+0000] {logging_mixin.py:190} INFO - [2025-04-15T14:22:59.521+0000] {dagbag.py:588} INFO - Filling up the DagBag from /opt/airflow/dags/crawl_f1_data.py
[2025-04-15T14:22:59.543+0000] {processor.py:925} INFO - DAG(s) 'crawl_f1_data' retrieved from /opt/airflow/dags/crawl_f1_data.py
[2025-04-15T14:22:59.568+0000] {logging_mixin.py:190} INFO - [2025-04-15T14:22:59.568+0000] {dag.py:3239} INFO - Sync 1 DAGs
[2025-04-15T14:22:59.589+0000] {logging_mixin.py:190} INFO - [2025-04-15T14:22:59.589+0000] {dag.py:4180} INFO - Setting next_dagrun for crawl_f1_data to 2025-04-01 00:00:00+00:00, run_after=2025-05-01 00:00:00+00:00
[2025-04-15T14:22:59.608+0000] {processor.py:208} INFO - Processing /opt/airflow/dags/crawl_f1_data.py took 0.094 seconds
[2025-04-15T14:23:29.780+0000] {processor.py:186} INFO - Started process (PID=247) to work on /opt/airflow/dags/crawl_f1_data.py
[2025-04-15T14:23:29.780+0000] {processor.py:914} INFO - Processing file /opt/airflow/dags/crawl_f1_data.py for tasks to queue
[2025-04-15T14:23:29.782+0000] {logging_mixin.py:190} INFO - [2025-04-15T14:23:29.781+0000] {dagbag.py:588} INFO - Filling up the DagBag from /opt/airflow/dags/crawl_f1_data.py
[2025-04-15T14:23:29.801+0000] {processor.py:925} INFO - DAG(s) 'crawl_f1_data' retrieved from /opt/airflow/dags/crawl_f1_data.py
[2025-04-15T14:23:29.826+0000] {logging_mixin.py:190} INFO - [2025-04-15T14:23:29.826+0000] {dag.py:3239} INFO - Sync 1 DAGs
[2025-04-15T14:23:29.847+0000] {logging_mixin.py:190} INFO - [2025-04-15T14:23:29.847+0000] {dag.py:4180} INFO - Setting next_dagrun for crawl_f1_data to 2025-04-01 00:00:00+00:00, run_after=2025-05-01 00:00:00+00:00
[2025-04-15T14:23:29.864+0000] {processor.py:208} INFO - Processing /opt/airflow/dags/crawl_f1_data.py took 0.090 seconds
[2025-04-15T14:23:59.994+0000] {processor.py:186} INFO - Started process (PID=252) to work on /opt/airflow/dags/crawl_f1_data.py
[2025-04-15T14:23:59.995+0000] {processor.py:914} INFO - Processing file /opt/airflow/dags/crawl_f1_data.py for tasks to queue
[2025-04-15T14:23:59.997+0000] {logging_mixin.py:190} INFO - [2025-04-15T14:23:59.997+0000] {dagbag.py:588} INFO - Filling up the DagBag from /opt/airflow/dags/crawl_f1_data.py
[2025-04-15T14:24:00.017+0000] {processor.py:925} INFO - DAG(s) 'crawl_f1_data' retrieved from /opt/airflow/dags/crawl_f1_data.py
[2025-04-15T14:24:00.043+0000] {logging_mixin.py:190} INFO - [2025-04-15T14:24:00.043+0000] {dag.py:3239} INFO - Sync 1 DAGs
[2025-04-15T14:24:00.065+0000] {logging_mixin.py:190} INFO - [2025-04-15T14:24:00.064+0000] {dag.py:4180} INFO - Setting next_dagrun for crawl_f1_data to 2025-04-01 00:00:00+00:00, run_after=2025-05-01 00:00:00+00:00
[2025-04-15T14:24:00.091+0000] {processor.py:208} INFO - Processing /opt/airflow/dags/crawl_f1_data.py took 0.101 seconds
[2025-04-15T14:24:30.245+0000] {processor.py:186} INFO - Started process (PID=257) to work on /opt/airflow/dags/crawl_f1_data.py
[2025-04-15T14:24:30.246+0000] {processor.py:914} INFO - Processing file /opt/airflow/dags/crawl_f1_data.py for tasks to queue
[2025-04-15T14:24:30.248+0000] {logging_mixin.py:190} INFO - [2025-04-15T14:24:30.248+0000] {dagbag.py:588} INFO - Filling up the DagBag from /opt/airflow/dags/crawl_f1_data.py
[2025-04-15T14:24:30.269+0000] {processor.py:925} INFO - DAG(s) 'crawl_f1_data' retrieved from /opt/airflow/dags/crawl_f1_data.py
[2025-04-15T14:24:30.298+0000] {logging_mixin.py:190} INFO - [2025-04-15T14:24:30.298+0000] {dag.py:3239} INFO - Sync 1 DAGs
[2025-04-15T14:24:30.327+0000] {logging_mixin.py:190} INFO - [2025-04-15T14:24:30.327+0000] {dag.py:4180} INFO - Setting next_dagrun for crawl_f1_data to 2025-04-01 00:00:00+00:00, run_after=2025-05-01 00:00:00+00:00
[2025-04-15T14:24:30.352+0000] {processor.py:208} INFO - Processing /opt/airflow/dags/crawl_f1_data.py took 0.112 seconds
[2025-04-15T14:25:00.473+0000] {processor.py:186} INFO - Started process (PID=262) to work on /opt/airflow/dags/crawl_f1_data.py
[2025-04-15T14:25:00.473+0000] {processor.py:914} INFO - Processing file /opt/airflow/dags/crawl_f1_data.py for tasks to queue
[2025-04-15T14:25:00.475+0000] {logging_mixin.py:190} INFO - [2025-04-15T14:25:00.475+0000] {dagbag.py:588} INFO - Filling up the DagBag from /opt/airflow/dags/crawl_f1_data.py
[2025-04-15T14:25:00.494+0000] {processor.py:925} INFO - DAG(s) 'crawl_f1_data' retrieved from /opt/airflow/dags/crawl_f1_data.py
[2025-04-15T14:25:00.518+0000] {logging_mixin.py:190} INFO - [2025-04-15T14:25:00.517+0000] {dag.py:3239} INFO - Sync 1 DAGs
[2025-04-15T14:25:00.542+0000] {logging_mixin.py:190} INFO - [2025-04-15T14:25:00.542+0000] {dag.py:4180} INFO - Setting next_dagrun for crawl_f1_data to 2025-04-01 00:00:00+00:00, run_after=2025-05-01 00:00:00+00:00
[2025-04-15T14:25:00.561+0000] {processor.py:208} INFO - Processing /opt/airflow/dags/crawl_f1_data.py took 0.092 seconds
[2025-04-15T14:25:30.745+0000] {processor.py:186} INFO - Started process (PID=267) to work on /opt/airflow/dags/crawl_f1_data.py
[2025-04-15T14:25:30.746+0000] {processor.py:914} INFO - Processing file /opt/airflow/dags/crawl_f1_data.py for tasks to queue
[2025-04-15T14:25:30.748+0000] {logging_mixin.py:190} INFO - [2025-04-15T14:25:30.748+0000] {dagbag.py:588} INFO - Filling up the DagBag from /opt/airflow/dags/crawl_f1_data.py
[2025-04-15T14:25:30.768+0000] {processor.py:925} INFO - DAG(s) 'crawl_f1_data' retrieved from /opt/airflow/dags/crawl_f1_data.py
[2025-04-15T14:25:30.791+0000] {logging_mixin.py:190} INFO - [2025-04-15T14:25:30.791+0000] {dag.py:3239} INFO - Sync 1 DAGs
[2025-04-15T14:25:30.813+0000] {logging_mixin.py:190} INFO - [2025-04-15T14:25:30.813+0000] {dag.py:4180} INFO - Setting next_dagrun for crawl_f1_data to 2025-04-01 00:00:00+00:00, run_after=2025-05-01 00:00:00+00:00
[2025-04-15T14:25:30.833+0000] {processor.py:208} INFO - Processing /opt/airflow/dags/crawl_f1_data.py took 0.092 seconds
[2025-04-15T14:26:00.950+0000] {processor.py:186} INFO - Started process (PID=272) to work on /opt/airflow/dags/crawl_f1_data.py
[2025-04-15T14:26:00.950+0000] {processor.py:914} INFO - Processing file /opt/airflow/dags/crawl_f1_data.py for tasks to queue
[2025-04-15T14:26:00.952+0000] {logging_mixin.py:190} INFO - [2025-04-15T14:26:00.952+0000] {dagbag.py:588} INFO - Filling up the DagBag from /opt/airflow/dags/crawl_f1_data.py
[2025-04-15T14:26:00.972+0000] {processor.py:925} INFO - DAG(s) 'crawl_f1_data' retrieved from /opt/airflow/dags/crawl_f1_data.py
[2025-04-15T14:26:00.996+0000] {logging_mixin.py:190} INFO - [2025-04-15T14:26:00.995+0000] {dag.py:3239} INFO - Sync 1 DAGs
[2025-04-15T14:26:01.018+0000] {logging_mixin.py:190} INFO - [2025-04-15T14:26:01.018+0000] {dag.py:4180} INFO - Setting next_dagrun for crawl_f1_data to 2025-04-01 00:00:00+00:00, run_after=2025-05-01 00:00:00+00:00
[2025-04-15T14:26:01.040+0000] {processor.py:208} INFO - Processing /opt/airflow/dags/crawl_f1_data.py took 0.095 seconds
[2025-04-15T14:26:31.231+0000] {processor.py:186} INFO - Started process (PID=277) to work on /opt/airflow/dags/crawl_f1_data.py
[2025-04-15T14:26:31.232+0000] {processor.py:914} INFO - Processing file /opt/airflow/dags/crawl_f1_data.py for tasks to queue
[2025-04-15T14:26:31.235+0000] {logging_mixin.py:190} INFO - [2025-04-15T14:26:31.234+0000] {dagbag.py:588} INFO - Filling up the DagBag from /opt/airflow/dags/crawl_f1_data.py
[2025-04-15T14:26:31.261+0000] {processor.py:925} INFO - DAG(s) 'crawl_f1_data' retrieved from /opt/airflow/dags/crawl_f1_data.py
[2025-04-15T14:26:31.296+0000] {logging_mixin.py:190} INFO - [2025-04-15T14:26:31.295+0000] {dag.py:3239} INFO - Sync 1 DAGs
[2025-04-15T14:26:31.340+0000] {logging_mixin.py:190} INFO - [2025-04-15T14:26:31.339+0000] {dag.py:4180} INFO - Setting next_dagrun for crawl_f1_data to 2025-04-01 00:00:00+00:00, run_after=2025-05-01 00:00:00+00:00
[2025-04-15T14:26:31.367+0000] {processor.py:208} INFO - Processing /opt/airflow/dags/crawl_f1_data.py took 0.143 seconds
[2025-04-15T14:27:01.474+0000] {processor.py:186} INFO - Started process (PID=282) to work on /opt/airflow/dags/crawl_f1_data.py
[2025-04-15T14:27:01.475+0000] {processor.py:914} INFO - Processing file /opt/airflow/dags/crawl_f1_data.py for tasks to queue
[2025-04-15T14:27:01.477+0000] {logging_mixin.py:190} INFO - [2025-04-15T14:27:01.477+0000] {dagbag.py:588} INFO - Filling up the DagBag from /opt/airflow/dags/crawl_f1_data.py
[2025-04-15T14:27:01.500+0000] {processor.py:925} INFO - DAG(s) 'crawl_f1_data' retrieved from /opt/airflow/dags/crawl_f1_data.py
[2025-04-15T14:27:01.526+0000] {logging_mixin.py:190} INFO - [2025-04-15T14:27:01.525+0000] {dag.py:3239} INFO - Sync 1 DAGs
[2025-04-15T14:27:01.552+0000] {logging_mixin.py:190} INFO - [2025-04-15T14:27:01.552+0000] {dag.py:4180} INFO - Setting next_dagrun for crawl_f1_data to 2025-04-01 00:00:00+00:00, run_after=2025-05-01 00:00:00+00:00
[2025-04-15T14:27:01.573+0000] {processor.py:208} INFO - Processing /opt/airflow/dags/crawl_f1_data.py took 0.104 seconds
[2025-04-15T14:27:31.783+0000] {processor.py:186} INFO - Started process (PID=287) to work on /opt/airflow/dags/crawl_f1_data.py
[2025-04-15T14:27:31.784+0000] {processor.py:914} INFO - Processing file /opt/airflow/dags/crawl_f1_data.py for tasks to queue
[2025-04-15T14:27:31.786+0000] {logging_mixin.py:190} INFO - [2025-04-15T14:27:31.786+0000] {dagbag.py:588} INFO - Filling up the DagBag from /opt/airflow/dags/crawl_f1_data.py
[2025-04-15T14:27:31.810+0000] {processor.py:925} INFO - DAG(s) 'crawl_f1_data' retrieved from /opt/airflow/dags/crawl_f1_data.py
[2025-04-15T14:27:31.842+0000] {logging_mixin.py:190} INFO - [2025-04-15T14:27:31.841+0000] {dag.py:3239} INFO - Sync 1 DAGs
[2025-04-15T14:27:31.865+0000] {logging_mixin.py:190} INFO - [2025-04-15T14:27:31.865+0000] {dag.py:4180} INFO - Setting next_dagrun for crawl_f1_data to 2025-04-01 00:00:00+00:00, run_after=2025-05-01 00:00:00+00:00
[2025-04-15T14:27:31.885+0000] {processor.py:208} INFO - Processing /opt/airflow/dags/crawl_f1_data.py took 0.115 seconds
[2025-04-15T14:28:01.974+0000] {processor.py:186} INFO - Started process (PID=292) to work on /opt/airflow/dags/crawl_f1_data.py
[2025-04-15T14:28:01.974+0000] {processor.py:914} INFO - Processing file /opt/airflow/dags/crawl_f1_data.py for tasks to queue
[2025-04-15T14:28:01.977+0000] {logging_mixin.py:190} INFO - [2025-04-15T14:28:01.977+0000] {dagbag.py:588} INFO - Filling up the DagBag from /opt/airflow/dags/crawl_f1_data.py
[2025-04-15T14:28:01.996+0000] {processor.py:925} INFO - DAG(s) 'crawl_f1_data' retrieved from /opt/airflow/dags/crawl_f1_data.py
[2025-04-15T14:28:02.019+0000] {logging_mixin.py:190} INFO - [2025-04-15T14:28:02.019+0000] {dag.py:3239} INFO - Sync 1 DAGs
[2025-04-15T14:28:02.042+0000] {logging_mixin.py:190} INFO - [2025-04-15T14:28:02.042+0000] {dag.py:4180} INFO - Setting next_dagrun for crawl_f1_data to 2025-04-01 00:00:00+00:00, run_after=2025-05-01 00:00:00+00:00
[2025-04-15T14:28:02.060+0000] {processor.py:208} INFO - Processing /opt/airflow/dags/crawl_f1_data.py took 0.090 seconds
[2025-04-15T14:28:32.282+0000] {processor.py:186} INFO - Started process (PID=297) to work on /opt/airflow/dags/crawl_f1_data.py
[2025-04-15T14:28:32.283+0000] {processor.py:914} INFO - Processing file /opt/airflow/dags/crawl_f1_data.py for tasks to queue
[2025-04-15T14:28:32.285+0000] {logging_mixin.py:190} INFO - [2025-04-15T14:28:32.284+0000] {dagbag.py:588} INFO - Filling up the DagBag from /opt/airflow/dags/crawl_f1_data.py
[2025-04-15T14:28:32.305+0000] {processor.py:925} INFO - DAG(s) 'crawl_f1_data' retrieved from /opt/airflow/dags/crawl_f1_data.py
[2025-04-15T14:28:32.329+0000] {logging_mixin.py:190} INFO - [2025-04-15T14:28:32.329+0000] {dag.py:3239} INFO - Sync 1 DAGs
[2025-04-15T14:28:32.352+0000] {logging_mixin.py:190} INFO - [2025-04-15T14:28:32.352+0000] {dag.py:4180} INFO - Setting next_dagrun for crawl_f1_data to 2025-04-01 00:00:00+00:00, run_after=2025-05-01 00:00:00+00:00
[2025-04-15T14:28:32.378+0000] {processor.py:208} INFO - Processing /opt/airflow/dags/crawl_f1_data.py took 0.100 seconds
[2025-04-15T14:29:02.482+0000] {processor.py:186} INFO - Started process (PID=302) to work on /opt/airflow/dags/crawl_f1_data.py
[2025-04-15T14:29:02.483+0000] {processor.py:914} INFO - Processing file /opt/airflow/dags/crawl_f1_data.py for tasks to queue
[2025-04-15T14:29:02.485+0000] {logging_mixin.py:190} INFO - [2025-04-15T14:29:02.484+0000] {dagbag.py:588} INFO - Filling up the DagBag from /opt/airflow/dags/crawl_f1_data.py
[2025-04-15T14:29:02.502+0000] {processor.py:925} INFO - DAG(s) 'crawl_f1_data' retrieved from /opt/airflow/dags/crawl_f1_data.py
[2025-04-15T14:29:02.524+0000] {logging_mixin.py:190} INFO - [2025-04-15T14:29:02.524+0000] {dag.py:3239} INFO - Sync 1 DAGs
[2025-04-15T14:29:02.550+0000] {logging_mixin.py:190} INFO - [2025-04-15T14:29:02.550+0000] {dag.py:4180} INFO - Setting next_dagrun for crawl_f1_data to 2025-04-01 00:00:00+00:00, run_after=2025-05-01 00:00:00+00:00
[2025-04-15T14:29:02.569+0000] {processor.py:208} INFO - Processing /opt/airflow/dags/crawl_f1_data.py took 0.091 seconds
[2025-04-15T14:29:32.768+0000] {processor.py:186} INFO - Started process (PID=307) to work on /opt/airflow/dags/crawl_f1_data.py
[2025-04-15T14:29:32.769+0000] {processor.py:914} INFO - Processing file /opt/airflow/dags/crawl_f1_data.py for tasks to queue
[2025-04-15T14:29:32.771+0000] {logging_mixin.py:190} INFO - [2025-04-15T14:29:32.770+0000] {dagbag.py:588} INFO - Filling up the DagBag from /opt/airflow/dags/crawl_f1_data.py
[2025-04-15T14:29:32.789+0000] {processor.py:925} INFO - DAG(s) 'crawl_f1_data' retrieved from /opt/airflow/dags/crawl_f1_data.py
[2025-04-15T14:29:32.812+0000] {logging_mixin.py:190} INFO - [2025-04-15T14:29:32.811+0000] {dag.py:3239} INFO - Sync 1 DAGs
[2025-04-15T14:29:32.832+0000] {logging_mixin.py:190} INFO - [2025-04-15T14:29:32.832+0000] {dag.py:4180} INFO - Setting next_dagrun for crawl_f1_data to 2025-04-01 00:00:00+00:00, run_after=2025-05-01 00:00:00+00:00
[2025-04-15T14:29:32.857+0000] {processor.py:208} INFO - Processing /opt/airflow/dags/crawl_f1_data.py took 0.093 seconds
[2025-04-15T14:30:02.977+0000] {processor.py:186} INFO - Started process (PID=312) to work on /opt/airflow/dags/crawl_f1_data.py
[2025-04-15T14:30:02.978+0000] {processor.py:914} INFO - Processing file /opt/airflow/dags/crawl_f1_data.py for tasks to queue
[2025-04-15T14:30:02.980+0000] {logging_mixin.py:190} INFO - [2025-04-15T14:30:02.980+0000] {dagbag.py:588} INFO - Filling up the DagBag from /opt/airflow/dags/crawl_f1_data.py
[2025-04-15T14:30:03.000+0000] {processor.py:925} INFO - DAG(s) 'crawl_f1_data' retrieved from /opt/airflow/dags/crawl_f1_data.py
[2025-04-15T14:30:03.026+0000] {logging_mixin.py:190} INFO - [2025-04-15T14:30:03.026+0000] {dag.py:3239} INFO - Sync 1 DAGs
[2025-04-15T14:30:03.052+0000] {logging_mixin.py:190} INFO - [2025-04-15T14:30:03.052+0000] {dag.py:4180} INFO - Setting next_dagrun for crawl_f1_data to 2025-04-01 00:00:00+00:00, run_after=2025-05-01 00:00:00+00:00
[2025-04-15T14:30:03.075+0000] {processor.py:208} INFO - Processing /opt/airflow/dags/crawl_f1_data.py took 0.103 seconds
[2025-04-15T14:30:33.248+0000] {processor.py:186} INFO - Started process (PID=317) to work on /opt/airflow/dags/crawl_f1_data.py
[2025-04-15T14:30:33.249+0000] {processor.py:914} INFO - Processing file /opt/airflow/dags/crawl_f1_data.py for tasks to queue
[2025-04-15T14:30:33.251+0000] {logging_mixin.py:190} INFO - [2025-04-15T14:30:33.250+0000] {dagbag.py:588} INFO - Filling up the DagBag from /opt/airflow/dags/crawl_f1_data.py
[2025-04-15T14:30:33.270+0000] {processor.py:925} INFO - DAG(s) 'crawl_f1_data' retrieved from /opt/airflow/dags/crawl_f1_data.py
[2025-04-15T14:30:33.294+0000] {logging_mixin.py:190} INFO - [2025-04-15T14:30:33.294+0000] {dag.py:3239} INFO - Sync 1 DAGs
[2025-04-15T14:30:33.324+0000] {logging_mixin.py:190} INFO - [2025-04-15T14:30:33.323+0000] {dag.py:4180} INFO - Setting next_dagrun for crawl_f1_data to 2025-04-01 00:00:00+00:00, run_after=2025-05-01 00:00:00+00:00
[2025-04-15T14:30:33.344+0000] {processor.py:208} INFO - Processing /opt/airflow/dags/crawl_f1_data.py took 0.101 seconds
[2025-04-15T14:31:03.481+0000] {processor.py:186} INFO - Started process (PID=322) to work on /opt/airflow/dags/crawl_f1_data.py
[2025-04-15T14:31:03.482+0000] {processor.py:914} INFO - Processing file /opt/airflow/dags/crawl_f1_data.py for tasks to queue
[2025-04-15T14:31:03.484+0000] {logging_mixin.py:190} INFO - [2025-04-15T14:31:03.484+0000] {dagbag.py:588} INFO - Filling up the DagBag from /opt/airflow/dags/crawl_f1_data.py
[2025-04-15T14:31:03.505+0000] {processor.py:925} INFO - DAG(s) 'crawl_f1_data' retrieved from /opt/airflow/dags/crawl_f1_data.py
[2025-04-15T14:31:03.532+0000] {logging_mixin.py:190} INFO - [2025-04-15T14:31:03.531+0000] {dag.py:3239} INFO - Sync 1 DAGs
[2025-04-15T14:31:03.557+0000] {logging_mixin.py:190} INFO - [2025-04-15T14:31:03.557+0000] {dag.py:4180} INFO - Setting next_dagrun for crawl_f1_data to 2025-04-01 00:00:00+00:00, run_after=2025-05-01 00:00:00+00:00
[2025-04-15T14:31:03.577+0000] {processor.py:208} INFO - Processing /opt/airflow/dags/crawl_f1_data.py took 0.101 seconds
[2025-04-15T14:31:33.736+0000] {processor.py:186} INFO - Started process (PID=327) to work on /opt/airflow/dags/crawl_f1_data.py
[2025-04-15T14:31:33.736+0000] {processor.py:914} INFO - Processing file /opt/airflow/dags/crawl_f1_data.py for tasks to queue
[2025-04-15T14:31:33.738+0000] {logging_mixin.py:190} INFO - [2025-04-15T14:31:33.738+0000] {dagbag.py:588} INFO - Filling up the DagBag from /opt/airflow/dags/crawl_f1_data.py
[2025-04-15T14:31:33.759+0000] {processor.py:925} INFO - DAG(s) 'crawl_f1_data' retrieved from /opt/airflow/dags/crawl_f1_data.py
[2025-04-15T14:31:33.790+0000] {logging_mixin.py:190} INFO - [2025-04-15T14:31:33.790+0000] {dag.py:3239} INFO - Sync 1 DAGs
[2025-04-15T14:31:33.822+0000] {logging_mixin.py:190} INFO - [2025-04-15T14:31:33.822+0000] {dag.py:4180} INFO - Setting next_dagrun for crawl_f1_data to 2025-04-01 00:00:00+00:00, run_after=2025-05-01 00:00:00+00:00
[2025-04-15T14:31:33.855+0000] {processor.py:208} INFO - Processing /opt/airflow/dags/crawl_f1_data.py took 0.124 seconds
[2025-04-15T14:32:04.003+0000] {processor.py:186} INFO - Started process (PID=332) to work on /opt/airflow/dags/crawl_f1_data.py
[2025-04-15T14:32:04.004+0000] {processor.py:914} INFO - Processing file /opt/airflow/dags/crawl_f1_data.py for tasks to queue
[2025-04-15T14:32:04.006+0000] {logging_mixin.py:190} INFO - [2025-04-15T14:32:04.006+0000] {dagbag.py:588} INFO - Filling up the DagBag from /opt/airflow/dags/crawl_f1_data.py
[2025-04-15T14:32:04.031+0000] {processor.py:925} INFO - DAG(s) 'crawl_f1_data' retrieved from /opt/airflow/dags/crawl_f1_data.py
[2025-04-15T14:32:04.061+0000] {logging_mixin.py:190} INFO - [2025-04-15T14:32:04.061+0000] {dag.py:3239} INFO - Sync 1 DAGs
[2025-04-15T14:32:04.090+0000] {logging_mixin.py:190} INFO - [2025-04-15T14:32:04.090+0000] {dag.py:4180} INFO - Setting next_dagrun for crawl_f1_data to 2025-04-01 00:00:00+00:00, run_after=2025-05-01 00:00:00+00:00
[2025-04-15T14:32:04.112+0000] {processor.py:208} INFO - Processing /opt/airflow/dags/crawl_f1_data.py took 0.114 seconds
[2025-04-15T14:32:34.274+0000] {processor.py:186} INFO - Started process (PID=337) to work on /opt/airflow/dags/crawl_f1_data.py
[2025-04-15T14:32:34.274+0000] {processor.py:914} INFO - Processing file /opt/airflow/dags/crawl_f1_data.py for tasks to queue
[2025-04-15T14:32:34.277+0000] {logging_mixin.py:190} INFO - [2025-04-15T14:32:34.276+0000] {dagbag.py:588} INFO - Filling up the DagBag from /opt/airflow/dags/crawl_f1_data.py
[2025-04-15T14:32:34.300+0000] {processor.py:925} INFO - DAG(s) 'crawl_f1_data' retrieved from /opt/airflow/dags/crawl_f1_data.py
[2025-04-15T14:32:34.327+0000] {logging_mixin.py:190} INFO - [2025-04-15T14:32:34.327+0000] {dag.py:3239} INFO - Sync 1 DAGs
[2025-04-15T14:32:34.352+0000] {logging_mixin.py:190} INFO - [2025-04-15T14:32:34.352+0000] {dag.py:4180} INFO - Setting next_dagrun for crawl_f1_data to 2025-04-01 00:00:00+00:00, run_after=2025-05-01 00:00:00+00:00
[2025-04-15T14:32:34.377+0000] {processor.py:208} INFO - Processing /opt/airflow/dags/crawl_f1_data.py took 0.108 seconds
